
> mobile-salon-marketplace@0.1.0 build
> next build

 ⚠ You are using a non-standard "NODE_ENV" value in your environment. This creates inconsistencies in the project and is strongly advised against. Read more: https://nextjs.org/docs/messages/non-standard-node-env
  ▲ Next.js 14.2.35

   Creating an optimized production build ...
 ✓ Compiled successfully
   Linting and checking validity of types ...
Failed to compile.

./components/settings-ui.tsx:1774:7
Type error: Type 'ForwardRefExoticComponent<Omit<LucideProps, "ref"> & RefAttributes<SVGSVGElement>>' is not assignable to type 'ElementType<{ className?: string | undefined; strokeWidth?: number | undefined; }, keyof IntrinsicElements>'.
  Type 'ForwardRefExoticComponent<Omit<LucideProps, "ref"> & RefAttributes<SVGSVGElement>>' is not assignable to type 'FunctionComponent<{ className?: string | undefined; strokeWidth?: number | undefined; }>'.
    Types of property 'propTypes' are incompatible.
      Type 'WeakValidationMap<Omit<LucideProps, "ref"> & RefAttributes<SVGSVGElement>> | undefined' is not assignable to type 'WeakValidationMap<{ className?: string | undefined; strokeWidth?: number | undefined; }> | undefined'.
        Type 'WeakValidationMap<Omit<LucideProps, "ref"> & RefAttributes<SVGSVGElement>>' is not assignable to type 'WeakValidationMap<{ className?: string | undefined; strokeWidth?: number | undefined; }>'.
          Types of property 'strokeWidth' are incompatible.
            Type 'Validator<string | number | null | undefined> | undefined' is not assignable to type 'Validator<number | null | undefined> | undefined'.
              Type 'Validator<string | number | null | undefined>' is not assignable to type 'Validator<number | null | undefined>'.
                Type 'string | number | null | undefined' is not assignable to type 'number | null | undefined'.
                  Type 'string' is not assignable to type 'number'.

[0m [90m 1772 |[39m     {[0m
[0m [90m 1773 |[39m       kind[33m:[39m [32m"link"[39m[33m,[39m[0m
[0m[31m[1m>[22m[39m[90m 1774 |[39m       icon[33m:[39m [33mUser[39m[33m,[39m[0m
[0m [90m      |[39m       [31m[1m^[22m[39m[0m
[0m [90m 1775 |[39m       label[33m:[39m [32m"Edit profile"[39m[33m,[39m[0m
[0m [90m 1776 |[39m       sub[33m:[39m isGuest [33m?[39m [32m"Sign in to manage your profile"[39m [33m:[39m getDisplayName(session)[33m,[39m[0m
[0m [90m 1777 |[39m       href[33m:[39m isGuest [33m?[39m [32m"/auth/sign-in"[39m [33m:[39m [32m"/settings/edit-profile"[39m[33m,[39m[0m
Next.js build worker exited with code: 1 and signal: null
